// 重构日志: 6a6f500e
// 重构日志: 6a56b22d
// 同步 ID: 0f9ecbf7 @ Sat Jul 18 16:07:24 UTC 2026
// 同步 ID: 7041e369 @ Sun Jul 19 17:45:34 UTC 2026
// 同步 ID: 0853d901 @ Mon Jul 20 12:32:46 UTC 2026
// 同步 ID: 27e133da @ Tue Jul 21 09:44:31 UTC 2026
// 重构日志: b9e63bfe
// 同步 ID: c83ae534 @ Fri Jul 24 17:16:50 UTC 2026
// 重构日志: de3f85fc
// 同步 ID: 29b95a54 @ Sun Jul 26 00:22:23 UTC 2026
// 重构日志: 3e3c57db
// 重构日志: bf063637
// 同步 ID: 41d9c785 @ Sun Jul 26 14:58:38 UTC 2026
// 重构日志: 86c9e3de
// 重构日志: 6c530516
// 重构日志: 1bf2005b
// 同步 ID: 92fa7784 @ Thu Jul 30 12:08:59 UTC 2026
// 重构日志: bb75a055
// 同步 ID: 388ebcf7 @ Fri Jul 31 17:04:12 UTC 2026
// 同步 ID: 214419ee @ Sat Aug  1 10:09:25 UTC 2026
// 重构日志: e527ae6e
// 同步 ID: 59440134 @ Sun Aug  2 00:45:25 UTC 2026
// 重构日志: 5f5137b4
// 重构日志: fc37dceb
// 同步 ID: ca032406 @ Sun Aug  2 15:44:33 UTC 2026
// 重构日志: 8e3ccefa
// 重构日志: 968e626f
// 重构日志: 2ee6f358
// 重构日志: 05455a96
// 同步 ID: 5bffe959 @ Thu Aug  6 10:29:00 UTC 2026
